// Jest Snapshot v1, https://goo.gl/fbAQLP

exports[`NatText component default Should render NatText component  1`] = `
<View
  accessible={true}
  focusable={false}
  isTVSelectable={true}
  onClick={[Function]}
  onResponderGrant={[Function]}
  onResponderMove={[Function]}
  onResponderRelease={[Function]}
  onResponderTerminate={[Function]}
  onResponderTerminationRequest={[Function]}
  onStartShouldSetResponder={[Function]}
  style={
    Object {
      "alignItems": "flex-start",
      "flexBasis": 0,
      "flexGrow": 1,
      "flexShrink": 1,
      "marginBottom": 0,
      "opacity": 1,
    }
  }
>
  <View
    margin={24}
    style={
      Array [
        Object {
          "marginBottom": 24,
          "marginLeft": 0,
          "marginRight": 0,
          "marginTop": 0,
          "paddingBottom": 0,
          "paddingLeft": 0,
          "paddingRight": 0,
          "paddingTop": 0,
        },
      ]
    }
  >
    <Text
      color="#227BBD"
      style={
        Array [
          Object {
            "color": "#227BBD",
            "fontSize": 14,
            "fontWeight": "400",
            "lineHeight": 21,
          },
        ]
      }
      type="body2"
    >
      Teste
    </Text>
  </View>
</View>
`;
