// Jest Snapshot v1, https://goo.gl/fbAQLP

exports[`Header component Should render container component correctly 1`] = `
<View
  accessibilityRole="header"
  accessible={true}
  style={
    Array [
      Object {
        "alignItems": "stretch",
        "backgroundColor": "#FFFFFF",
        "flexBasis": 0,
        "flexDirection": "row",
        "flexGrow": 1,
        "flexShrink": 1,
        "height": 56,
        "paddingBottom": 0,
        "paddingLeft": 0,
        "paddingRight": 0,
        "paddingTop": 0,
        "position": "relative",
        "width": "100%",
      },
    ]
  }
>
  <View
    style={Object {}}
  >
    <View
      accessible={true}
      focusable={true}
      isTVSelectable={true}
      onClick={[Function]}
      onResponderGrant={[Function]}
      onResponderMove={[Function]}
      onResponderRelease={[Function]}
      onResponderTerminate={[Function]}
      onResponderTerminationRequest={[Function]}
      onStartShouldSetResponder={[Function]}
      style={
        Object {
          "alignSelf": "center",
          "flexBasis": 0,
          "flexGrow": 1,
          "flexShrink": 1,
          "height": 56,
          "opacity": 1,
          "paddingBottom": 16,
          "paddingLeft": 16,
          "paddingRight": 16,
          "paddingTop": 16,
          "width": 56,
        }
      }
    >
      <Image
        source={null}
        style={
          Array [
            Object {
              "height": 24,
              "width": 24,
            },
          ]
        }
      />
    </View>
  </View>
  <View
    style={
      Object {
        "alignItems": "center",
        "justifyContent": "center",
      }
    }
  >
    <Text
      accessibilityLabel="Title test"
      style={
        Array [
          Object {
            "color": "#333333",
            "fontSize": 20,
            "marginLeft": 0,
            "paddingBottom": 16,
            "paddingLeft": 16,
            "paddingRight": 16,
            "paddingTop": 16,
          },
        ]
      }
    >
      Title test
    </Text>
  </View>
  <View
    style={
      Object {
        "position": "absolute",
        "right": 0,
      }
    }
  >
    <View
      accessible={true}
      focusable={true}
      isTVSelectable={true}
      onClick={[Function]}
      onResponderGrant={[Function]}
      onResponderMove={[Function]}
      onResponderRelease={[Function]}
      onResponderTerminate={[Function]}
      onResponderTerminationRequest={[Function]}
      onStartShouldSetResponder={[Function]}
      style={
        Object {
          "alignSelf": "center",
          "flexBasis": 0,
          "flexGrow": 1,
          "flexShrink": 1,
          "height": 56,
          "opacity": 1,
          "paddingBottom": 16,
          "paddingLeft": 16,
          "paddingRight": 16,
          "paddingTop": 16,
          "width": 56,
        }
      }
    >
      <Image
        source={null}
        style={
          Array [
            Object {
              "height": 24,
              "width": 24,
            },
          ]
        }
      />
    </View>
  </View>
</View>
`;
