// Jest Snapshot v1, https://goo.gl/fbAQLP

exports[`StoryNatButton component Should render StoryNatButton component  1`] = `
<RCTSafeAreaView
  emulateUnlessSupported={true}
>
  <View
    style={
      Array [
        Object {
          "backgroundColor": "#FFFFFF",
          "bottom": 0,
          "flexBasis": 0,
          "flexGrow": 1,
          "flexShrink": 1,
          "left": 0,
          "paddingBottom": 0,
          "paddingLeft": 16,
          "paddingRight": 16,
          "paddingTop": 0,
          "right": 0,
          "top": 0,
        },
        Object {
          "backgroundColor": "#FAFAFA",
          "marginTop": 0,
          "width": 750,
        },
      ]
    }
  >
    <RCTScrollView>
      <View>
        <View
          margin={24}
          style={
            Array [
              Object {
                "marginBottom": 24,
                "marginLeft": 0,
                "marginRight": 0,
                "marginTop": 0,
                "paddingBottom": 0,
                "paddingLeft": 0,
                "paddingRight": 0,
                "paddingTop": 0,
              },
            ]
          }
        >
          <Text
            color="#333333"
            style={
              Array [
                Object {
                  "color": "#333333",
                  "fontSize": 16,
                  "fontWeight": "400",
                  "lineHeight": 24,
                },
              ]
            }
            type="body1"
          >
            Buttons - Variations
          </Text>
        </View>
        <View
          backgroundColor="transparent"
          marginBottom="small"
          marginLeft="none"
          marginRight="none"
          marginTop="none"
          paddingBottom="none"
          paddingLeft="none"
          paddingRight="none"
          paddingTop="none"
          style={
            Array [
              Object {
                "backgroundColor": "transparent",
                "marginBottom": 16,
                "marginLeft": 0,
                "marginRight": 0,
                "marginTop": 0,
                "paddingBottom": 0,
                "paddingLeft": 0,
                "paddingRight": 0,
                "paddingTop": 0,
              },
            ]
          }
        />
        <View
          accessibilityRole="button"
          accessible={true}
          focusable={true}
          isTVSelectable={true}
          onClick={[Function]}
          onResponderGrant={[Function]}
          onResponderMove={[Function]}
          onResponderRelease={[Function]}
          onResponderTerminate={[Function]}
          onResponderTerminationRequest={[Function]}
          onStartShouldSetResponder={[Function]}
          style={
            Object {
              "alignItems": "center",
              "backgroundColor": "#F4AB34",
              "borderColor": "transparent",
              "borderRadius": 6,
              "borderWidth": 0,
              "flexDirection": "row",
              "height": 48,
              "justifyContent": "center",
              "opacity": 1,
              "width": "100%",
            }
          }
        >
          <Text
            accessibilityLabel="newDefault"
            style={
              Array [
                Object {
                  "alignSelf": "center",
                  "color": "#333333",
                  "fontFamily": "System",
                  "fontSize": 14,
                  "fontWeight": "bold",
                  "letterSpacing": 1,
                },
              ]
            }
            type="newDefault"
          >
            NEWDEFAULT
          </Text>
        </View>
        <View
          backgroundColor="transparent"
          marginBottom="small"
          marginLeft="none"
          marginRight="none"
          marginTop="none"
          paddingBottom="none"
          paddingLeft="none"
          paddingRight="none"
          paddingTop="none"
          style={
            Array [
              Object {
                "backgroundColor": "transparent",
                "marginBottom": 16,
                "marginLeft": 0,
                "marginRight": 0,
                "marginTop": 0,
                "paddingBottom": 0,
                "paddingLeft": 0,
                "paddingRight": 0,
                "paddingTop": 0,
              },
            ]
          }
        />
        <View
          accessibilityRole="button"
          accessible={true}
          focusable={true}
          isTVSelectable={true}
          onClick={[Function]}
          onResponderGrant={[Function]}
          onResponderMove={[Function]}
          onResponderRelease={[Function]}
          onResponderTerminate={[Function]}
          onResponderTerminationRequest={[Function]}
          onStartShouldSetResponder={[Function]}
          style={
            Object {
              "alignItems": "center",
              "backgroundColor": "#EEEEEE",
              "borderColor": "transparent",
              "borderRadius": 6,
              "borderWidth": 0,
              "flexDirection": "row",
              "height": 48,
              "justifyContent": "center",
              "opacity": 1,
              "width": "100%",
            }
          }
        >
          <Text
            accessibilityLabel="disabled"
            style={
              Array [
                Object {
                  "alignSelf": "center",
                  "color": "#777777",
                  "fontFamily": "System",
                  "fontSize": 14,
                  "fontWeight": "bold",
                  "letterSpacing": 1,
                },
              ]
            }
            type="disabled"
          >
            DISABLED
          </Text>
        </View>
        <View
          backgroundColor="transparent"
          marginBottom="small"
          marginLeft="none"
          marginRight="none"
          marginTop="none"
          paddingBottom="none"
          paddingLeft="none"
          paddingRight="none"
          paddingTop="none"
          style={
            Array [
              Object {
                "backgroundColor": "transparent",
                "marginBottom": 16,
                "marginLeft": 0,
                "marginRight": 0,
                "marginTop": 0,
                "paddingBottom": 0,
                "paddingLeft": 0,
                "paddingRight": 0,
                "paddingTop": 0,
              },
            ]
          }
        />
        <View
          accessibilityRole="button"
          accessible={true}
          focusable={true}
          isTVSelectable={true}
          onClick={[Function]}
          onResponderGrant={[Function]}
          onResponderMove={[Function]}
          onResponderRelease={[Function]}
          onResponderTerminate={[Function]}
          onResponderTerminationRequest={[Function]}
          onStartShouldSetResponder={[Function]}
          style={
            Object {
              "alignItems": "center",
              "backgroundColor": "transparent",
              "borderColor": "transparent",
              "borderRadius": 6,
              "borderWidth": 0,
              "flexDirection": "row",
              "height": 48,
              "justifyContent": "center",
              "opacity": 1,
              "width": "100%",
            }
          }
        >
          <Text
            accessibilityLabel="link"
            style={
              Array [
                Object {
                  "alignSelf": "center",
                  "color": "#227BBD",
                  "fontFamily": "System",
                  "fontSize": 14,
                  "fontWeight": "bold",
                  "letterSpacing": 1,
                },
              ]
            }
            type="link"
          >
            LINK
          </Text>
        </View>
        <View
          backgroundColor="transparent"
          marginBottom="small"
          marginLeft="none"
          marginRight="none"
          marginTop="none"
          paddingBottom="none"
          paddingLeft="none"
          paddingRight="none"
          paddingTop="none"
          style={
            Array [
              Object {
                "backgroundColor": "transparent",
                "marginBottom": 16,
                "marginLeft": 0,
                "marginRight": 0,
                "marginTop": 0,
                "paddingBottom": 0,
                "paddingLeft": 0,
                "paddingRight": 0,
                "paddingTop": 0,
              },
            ]
          }
        />
        <View
          accessibilityRole="button"
          accessible={true}
          focusable={true}
          isTVSelectable={true}
          onClick={[Function]}
          onResponderGrant={[Function]}
          onResponderMove={[Function]}
          onResponderRelease={[Function]}
          onResponderTerminate={[Function]}
          onResponderTerminationRequest={[Function]}
          onStartShouldSetResponder={[Function]}
          style={
            Object {
              "alignItems": "center",
              "backgroundColor": "#FFFFFF",
              "borderColor": "transparent",
              "borderRadius": 6,
              "borderWidth": 0,
              "flexDirection": "row",
              "height": 40,
              "justifyContent": "center",
              "opacity": 1,
              "width": 328,
            }
          }
        >
          <Text
            accessibilityLabel="newShort"
            style={
              Array [
                Object {
                  "alignSelf": "center",
                  "color": "#333333",
                  "fontFamily": "System",
                  "fontSize": 14,
                  "fontWeight": "bold",
                  "letterSpacing": 1,
                },
              ]
            }
            type="newShort"
          >
            NEWSHORT
          </Text>
        </View>
        <View
          backgroundColor="transparent"
          marginBottom="small"
          marginLeft="none"
          marginRight="none"
          marginTop="none"
          paddingBottom="none"
          paddingLeft="none"
          paddingRight="none"
          paddingTop="none"
          style={
            Array [
              Object {
                "backgroundColor": "transparent",
                "marginBottom": 16,
                "marginLeft": 0,
                "marginRight": 0,
                "marginTop": 0,
                "paddingBottom": 0,
                "paddingLeft": 0,
                "paddingRight": 0,
                "paddingTop": 0,
              },
            ]
          }
        />
        <View
          accessibilityRole="button"
          accessible={true}
          focusable={true}
          isTVSelectable={true}
          onClick={[Function]}
          onResponderGrant={[Function]}
          onResponderMove={[Function]}
          onResponderRelease={[Function]}
          onResponderTerminate={[Function]}
          onResponderTerminationRequest={[Function]}
          onStartShouldSetResponder={[Function]}
          style={
            Object {
              "alignItems": "center",
              "backgroundColor": "#FFFFFF",
              "borderColor": "#F4AB34",
              "borderRadius": 6,
              "borderWidth": 2,
              "flexDirection": "row",
              "height": 48,
              "justifyContent": "center",
              "opacity": 1,
              "width": "100%",
            }
          }
        >
          <Text
            accessibilityLabel="outline"
            style={
              Array [
                Object {
                  "alignSelf": "center",
                  "color": "#F4AB34",
                  "fontFamily": "System",
                  "fontSize": 14,
                  "fontWeight": "bold",
                  "letterSpacing": 1,
                },
              ]
            }
            type="outline"
          >
            OUTLINE
          </Text>
        </View>
        <View
          backgroundColor="transparent"
          marginBottom="small"
          marginLeft="none"
          marginRight="none"
          marginTop="none"
          paddingBottom="none"
          paddingLeft="none"
          paddingRight="none"
          paddingTop="none"
          style={
            Array [
              Object {
                "backgroundColor": "transparent",
                "marginBottom": 16,
                "marginLeft": 0,
                "marginRight": 0,
                "marginTop": 0,
                "paddingBottom": 0,
                "paddingLeft": 0,
                "paddingRight": 0,
                "paddingTop": 0,
              },
            ]
          }
        />
        <View
          margin={24}
          style={
            Array [
              Object {
                "marginBottom": 24,
                "marginLeft": 0,
                "marginRight": 0,
                "marginTop": 0,
                "paddingBottom": 0,
                "paddingLeft": 0,
                "paddingRight": 0,
                "paddingTop": 0,
              },
            ]
          }
        >
          <Text
            color="#333333"
            style={
              Array [
                Object {
                  "color": "#333333",
                  "fontSize": 16,
                  "fontWeight": "400",
                  "lineHeight": 24,
                },
              ]
            }
            type="body1"
          >
            Buttons - Social Selling
          </Text>
        </View>
        <View
          backgroundColor="transparent"
          marginBottom="small"
          marginLeft="none"
          marginRight="none"
          marginTop="none"
          paddingBottom="none"
          paddingLeft="none"
          paddingRight="none"
          paddingTop="none"
          style={
            Array [
              Object {
                "backgroundColor": "transparent",
                "marginBottom": 16,
                "marginLeft": 0,
                "marginRight": 0,
                "marginTop": 0,
                "paddingBottom": 0,
                "paddingLeft": 0,
                "paddingRight": 0,
                "paddingTop": 0,
              },
            ]
          }
        />
        <View
          accessibilityRole="button"
          accessible={true}
          focusable={true}
          isTVSelectable={true}
          onClick={[Function]}
          onResponderGrant={[Function]}
          onResponderMove={[Function]}
          onResponderRelease={[Function]}
          onResponderTerminate={[Function]}
          onResponderTerminationRequest={[Function]}
          onStartShouldSetResponder={[Function]}
          style={
            Object {
              "alignItems": "center",
              "backgroundColor": "#F4AB34",
              "borderColor": "transparent",
              "borderRadius": 6,
              "borderWidth": 0,
              "flexDirection": "row",
              "height": 48,
              "justifyContent": "center",
              "opacity": 1,
              "width": "100%",
            }
          }
        >
          <Text
            accessibilityLabel="default"
            style={
              Array [
                Object {
                  "alignSelf": "center",
                  "color": "#FFFFFF",
                  "fontFamily": "System",
                  "fontSize": 14,
                  "fontWeight": "bold",
                  "letterSpacing": 1,
                },
              ]
            }
            type="default"
          >
            DEFAULT
          </Text>
        </View>
        <View
          backgroundColor="transparent"
          marginBottom="small"
          marginLeft="none"
          marginRight="none"
          marginTop="none"
          paddingBottom="none"
          paddingLeft="none"
          paddingRight="none"
          paddingTop="none"
          style={
            Array [
              Object {
                "backgroundColor": "transparent",
                "marginBottom": 16,
                "marginLeft": 0,
                "marginRight": 0,
                "marginTop": 0,
                "paddingBottom": 0,
                "paddingLeft": 0,
                "paddingRight": 0,
                "paddingTop": 0,
              },
            ]
          }
        />
        <View
          accessibilityRole="button"
          accessible={true}
          focusable={true}
          isTVSelectable={true}
          onClick={[Function]}
          onResponderGrant={[Function]}
          onResponderMove={[Function]}
          onResponderRelease={[Function]}
          onResponderTerminate={[Function]}
          onResponderTerminationRequest={[Function]}
          onStartShouldSetResponder={[Function]}
          style={
            Object {
              "alignItems": "center",
              "backgroundColor": "#FFFFFF",
              "borderColor": "transparent",
              "borderRadius": 6,
              "borderWidth": 0,
              "flexDirection": "row",
              "height": 40,
              "justifyContent": "center",
              "opacity": 1,
              "width": 328,
            }
          }
        >
          <Text
            accessibilityLabel="short"
            style={
              Array [
                Object {
                  "alignSelf": "center",
                  "color": "#F4AB34",
                  "fontFamily": "System",
                  "fontSize": 14,
                  "fontWeight": "bold",
                  "letterSpacing": 1,
                },
              ]
            }
            type="short"
          >
            SHORT
          </Text>
        </View>
        <View
          accessibilityRole="button"
          accessible={true}
          focusable={true}
          isTVSelectable={true}
          onClick={[Function]}
          onResponderGrant={[Function]}
          onResponderMove={[Function]}
          onResponderRelease={[Function]}
          onResponderTerminate={[Function]}
          onResponderTerminationRequest={[Function]}
          onStartShouldSetResponder={[Function]}
          style={
            Object {
              "alignItems": "center",
              "backgroundColor": "#F4AB34",
              "borderColor": "transparent",
              "borderRadius": 6,
              "borderWidth": 0,
              "flexDirection": "row",
              "height": 128,
              "justifyContent": "center",
              "opacity": 1,
              "width": 128,
            }
          }
        >
          <Text
            accessibilityLabel="card"
            style={
              Array [
                Object {
                  "alignSelf": "center",
                  "color": "#FFFFFF",
                  "fontFamily": "System",
                  "fontSize": 14,
                  "fontWeight": "bold",
                  "letterSpacing": 1,
                  "lineHeight": 21,
                  "textAlign": "center",
                  "width": 64,
                },
              ]
            }
            type="card"
          >
            CARD
          </Text>
          <Image
            source={
              Object {
                "testUri": "../../../lib/assets/icons/ic_arrow_left_white.png",
              }
            }
            style={
              Array [
                Object {
                  "height": 30,
                  "width": 30,
                },
              ]
            }
          />
        </View>
      </View>
    </RCTScrollView>
  </View>
</RCTSafeAreaView>
`;
