// Jest Snapshot v1, https://goo.gl/fbAQLP

exports[`Header component Should render container component correctly 1`] = `
<View
  accessibilityRole="header"
  accessible={true}
  active={false}
  dividerBottom={false}
  dividerTop={false}
  style={
    Array [
      Object {
        "alignItems": "stretch",
        "backgroundColor": "#FFFFFF",
        "flexBasis": 0,
        "flexDirection": "row",
        "flexGrow": 1,
        "flexShrink": 1,
        "height": 48,
        "paddingBottom": 0,
        "paddingLeft": 0,
        "paddingRight": 0,
        "paddingTop": 0,
        "position": "relative",
        "width": "100%",
      },
    ]
  }
>
  <View
    style={Object {}}
  >
    <View
      accessible={true}
      focusable={true}
      isTVSelectable={true}
      onClick={[Function]}
      onResponderGrant={[Function]}
      onResponderMove={[Function]}
      onResponderRelease={[Function]}
      onResponderTerminate={[Function]}
      onResponderTerminationRequest={[Function]}
      onStartShouldSetResponder={[Function]}
      style={
        Object {
          "alignSelf": "center",
          "flexBasis": 0,
          "flexGrow": 1,
          "flexShrink": 1,
          "height": 40,
          "opacity": 1,
          "paddingBottom": 12,
          "paddingLeft": 16,
          "paddingRight": 0,
          "paddingTop": 12,
          "width": 40,
        }
      }
    />
  </View>
  <View
    style={
      Object {
        "alignItems": "center",
        "justifyContent": "center",
      }
    }
  >
    <View
      accessible={true}
      focusable={true}
      isTVSelectable={true}
      onClick={[Function]}
      onResponderGrant={[Function]}
      onResponderMove={[Function]}
      onResponderRelease={[Function]}
      onResponderTerminate={[Function]}
      onResponderTerminationRequest={[Function]}
      onStartShouldSetResponder={[Function]}
      style={
        Object {
          "alignSelf": "stretch",
          "flexBasis": 0,
          "flexGrow": 1,
          "flexShrink": 1,
          "justifyContent": "center",
          "opacity": 1,
        }
      }
    >
      <Text
        accessibilityLabel="Title test"
        style={
          Array [
            Object {
              "color": "#333333",
              "flexBasis": 0,
              "flexGrow": 1,
              "flexShrink": 1,
              "fontSize": 16,
              "justifyContent": "center",
              "marginLeft": 0,
              "paddingBottom": 12,
              "paddingLeft": 16,
              "paddingTop": 12,
            },
          ]
        }
      >
        Title test
      </Text>
    </View>
  </View>
  <View
    style={
      Object {
        "position": "absolute",
        "right": 0,
      }
    }
  >
    <View
      accessible={true}
      focusable={true}
      isTVSelectable={true}
      onClick={[Function]}
      onResponderGrant={[Function]}
      onResponderMove={[Function]}
      onResponderRelease={[Function]}
      onResponderTerminate={[Function]}
      onResponderTerminationRequest={[Function]}
      onStartShouldSetResponder={[Function]}
      style={
        Object {
          "alignSelf": "center",
          "flexBasis": 0,
          "flexGrow": 1,
          "flexShrink": 1,
          "height": 40,
          "opacity": 1,
          "paddingBottom": 12,
          "paddingLeft": 0,
          "paddingRight": 16,
          "paddingTop": 12,
          "width": 40,
        }
      }
    />
  </View>
</View>
`;
