// Jest Snapshot v1, https://goo.gl/fbAQLP

exports[`NatContainer component Should render container component correctly: NatContainer snapshot 1`] = `
<View
  marginBottom="none"
  marginLeft="none"
  marginRight="none"
  marginTop="none"
  paddingBottom="small"
  paddingLeft="small"
  paddingRight="small"
  paddingTop="small"
  style={
    Array [
      Object {
        "backgroundColor": "#FFFFFF",
        "marginBottom": 0,
        "marginLeft": 0,
        "marginRight": 0,
        "marginTop": 0,
        "paddingBottom": 16,
        "paddingLeft": 16,
        "paddingRight": 16,
        "paddingTop": 16,
      },
    ]
  }
>
  <Text>
    Hello
  </Text>
</View>
`;
