// Jest Snapshot v1, https://goo.gl/fbAQLP

exports[`Container component Should render container component correctly 1`] = `
<View
  style={
    Array [
      Object {
        "backgroundColor": "#FFFFFF",
        "bottom": 0,
        "flexBasis": 0,
        "flexGrow": 1,
        "flexShrink": 1,
        "left": 0,
        "paddingBottom": 0,
        "paddingLeft": 16,
        "paddingRight": 16,
        "paddingTop": 0,
        "right": 0,
        "top": 0,
      },
    ]
  }
>
  <Text>
    Hello
  </Text>
</View>
`;
