// Jest Snapshot v1, https://goo.gl/fbAQLP

exports[`StoryNatAppBarSearch component Should render StoryNatAppBarSearch component  1`] = `
<RCTSafeAreaView
  emulateUnlessSupported={true}
>
  <View
    style={
      Array [
        Object {
          "backgroundColor": "#FFFFFF",
          "bottom": 0,
          "flexBasis": 0,
          "flexGrow": 1,
          "flexShrink": 1,
          "left": 0,
          "paddingBottom": 0,
          "paddingLeft": 16,
          "paddingRight": 16,
          "paddingTop": 0,
          "right": 0,
          "top": 0,
        },
        Object {
          "backgroundColor": "#FAFAFA",
          "marginTop": 0,
          "width": 750,
        },
      ]
    }
  >
    <RCTScrollView>
      <View>
        <View
          margin={24}
          style={
            Array [
              Object {
                "marginBottom": 24,
                "marginLeft": 0,
                "marginRight": 0,
                "marginTop": 0,
                "paddingBottom": 0,
                "paddingLeft": 0,
                "paddingRight": 0,
                "paddingTop": 0,
              },
            ]
          }
        >
          <Text
            color="#333333"
            style={
              Array [
                Object {
                  "color": "#333333",
                  "fontSize": 16,
                  "fontWeight": "400",
                  "lineHeight": 24,
                },
              ]
            }
            type="body1"
          >
            Developing...
          </Text>
        </View>
      </View>
    </RCTScrollView>
  </View>
</RCTSafeAreaView>
`;
