// Jest Snapshot v1, https://goo.gl/fbAQLP

exports[`Container component Should render loading component correctly 1`] = `
<View
  style={
    Array [
      Object {
        "alignItems": "center",
        "bottom": 0,
        "justifyContent": "center",
        "left": 0,
        "position": "absolute",
        "right": 0,
        "top": 0,
        "zIndex": 10,
      },
    ]
  }
>
  <ActivityIndicator
    animating={true}
    color="#FF6B0B"
    hidesWhenStopped={true}
    size="large"
  />
</View>
`;
