// Jest Snapshot v1, https://goo.gl/fbAQLP

exports[`NatHeader component Should render container component correctly: NatHeader snapshot 1`] = `
<View
  accessibilityRole="header"
  style={
    Array [
      Object {
        "alignItems": "center",
        "backgroundColor": "#FFFFFF",
        "display": "flex",
        "flexDirection": "row",
        "flexWrap": "nowrap",
        "height": 56,
        "justifyContent": "space-between",
        "paddingBottom": 0,
        "paddingLeft": 16,
        "paddingRight": 16,
        "paddingTop": 0,
        "width": "100%",
      },
      false,
    ]
  }
>
  
  <Text
    accessibilityLabel="Title test"
    icon=""
    style={
      Array [
        Object {
          "color": "#333333",
          "fontFamily": "NaturaSans-Regular",
          "fontSize": 20,
          "marginLeft": 24,
          "paddingLeft": 45,
          "paddingTop": 8,
        },
      ]
    }
  >
    Title test
  </Text>
  <View
    accessibilityRole="button"
    style={
      Array [
        Object {
          "color": "#F4AB34",
          "marginTop": 4,
          "width": 60,
        },
      ]
    }
  >
    <View
      accessible={true}
      focusable={false}
      isTVSelectable={true}
      onClick={[Function]}
      onResponderGrant={[Function]}
      onResponderMove={[Function]}
      onResponderRelease={[Function]}
      onResponderTerminate={[Function]}
      onResponderTerminationRequest={[Function]}
      onStartShouldSetResponder={[Function]}
      style={
        Object {
          "opacity": 1,
        }
      }
    >
      <Text
        style={
          Object {
            "color": "orange",
            "fontSize": 14,
          }
        }
      >
         
         
      </Text>
      <Image
        accessibilityLabel="realizar ação do item da barra superior direita"
      />
    </View>
  </View>
</View>
`;
