// Jest Snapshot v1, https://goo.gl/fbAQLP

exports[`NatText component default Should render NatText component  1`] = `
<View
  margin={24}
  style={
    Array [
      Object {
        "marginBottom": 24,
        "marginLeft": 0,
        "marginRight": 0,
        "marginTop": 0,
        "paddingBottom": 0,
        "paddingLeft": 0,
        "paddingRight": 0,
        "paddingTop": 0,
      },
    ]
  }
>
  <Text
    color="#333333"
    style={
      Array [
        Object {
          "color": "#333333",
          "fontSize": 16,
          "fontWeight": "400",
          "lineHeight": 24,
        },
      ]
    }
    type="body1"
  >
    Teste
  </Text>
</View>
`;
