// Jest Snapshot v1, https://goo.gl/fbAQLP

exports[`StoryNatAppBar component Should render StoryNatAppBar component  1`] = `
<RCTSafeAreaView
  emulateUnlessSupported={true}
>
  <View
    style={
      Array [
        Object {
          "backgroundColor": "#FFFFFF",
          "bottom": 0,
          "flexBasis": 0,
          "flexGrow": 1,
          "flexShrink": 1,
          "left": 0,
          "paddingBottom": 0,
          "paddingLeft": 16,
          "paddingRight": 16,
          "paddingTop": 0,
          "right": 0,
          "top": 0,
        },
        Object {
          "backgroundColor": "#FAFAFA",
          "marginTop": 0,
          "width": 750,
        },
      ]
    }
  >
    <RCTScrollView>
      <View>
        <View
          accessibilityRole="header"
          accessible={true}
          style={
            Array [
              Object {
                "alignItems": "stretch",
                "backgroundColor": "#FFFFFF",
                "flexBasis": 0,
                "flexDirection": "row",
                "flexGrow": 1,
                "flexShrink": 1,
                "height": 56,
                "paddingBottom": 0,
                "paddingLeft": 0,
                "paddingRight": 0,
                "paddingTop": 0,
                "position": "relative",
                "width": "100%",
              },
              Object {
                "elevation": 1,
                "shadowColor": "#000",
                "shadowOffset": Object {
                  "height": 2,
                  "width": 0,
                },
                "shadowOpacity": 0.24,
              },
            ]
          }
        >
          <View
            style={Object {}}
          >
            <View
              accessible={true}
              focusable={true}
              isTVSelectable={true}
              onClick={[Function]}
              onResponderGrant={[Function]}
              onResponderMove={[Function]}
              onResponderRelease={[Function]}
              onResponderTerminate={[Function]}
              onResponderTerminationRequest={[Function]}
              onStartShouldSetResponder={[Function]}
              style={
                Object {
                  "alignItems": "center",
                  "alignSelf": "center",
                  "flexBasis": 0,
                  "flexGrow": 1,
                  "flexShrink": 1,
                  "height": 56,
                  "justifyContent": "center",
                  "opacity": 1,
                  "paddingBottom": 16,
                  "paddingLeft": 16,
                  "paddingRight": 0,
                  "paddingTop": 16,
                  "width": 40,
                }
              }
            >
              <SvgMock
                height={24}
                style={
                  Object {
                    "fill": "#333333",
                  }
                }
                width={24}
              />
            </View>
          </View>
          <View
            style={
              Object {
                "alignItems": "flex-start",
                "bottom": 0,
                "justifyContent": "flex-start",
                "left": 40,
                "position": "absolute",
                "right": 0,
                "top": 0,
              }
            }
          >
            <Text
              accessibilityLabel="Title Text"
              style={
                Array [
                  Object {
                    "color": "#333333",
                    "fontSize": 20,
                    "marginLeft": 0,
                    "paddingBottom": 16,
                    "paddingLeft": 16,
                    "paddingTop": 16,
                  },
                ]
              }
            >
              Title Text
            </Text>
          </View>
          <View
            style={
              Object {
                "position": "absolute",
                "right": 0,
              }
            }
          >
            <View
              accessible={true}
              focusable={true}
              isTVSelectable={true}
              onClick={[Function]}
              onResponderGrant={[Function]}
              onResponderMove={[Function]}
              onResponderRelease={[Function]}
              onResponderTerminate={[Function]}
              onResponderTerminationRequest={[Function]}
              onStartShouldSetResponder={[Function]}
              style={
                Object {
                  "alignItems": "center",
                  "alignSelf": "center",
                  "flexBasis": 0,
                  "flexGrow": 1,
                  "flexShrink": 1,
                  "height": 56,
                  "justifyContent": "center",
                  "opacity": 1,
                  "paddingBottom": 16,
                  "paddingLeft": 0,
                  "paddingRight": 16,
                  "paddingTop": 16,
                  "width": 40,
                }
              }
            >
              <SvgMock
                height={24}
                style={
                  Object {
                    "fill": "#333333",
                  }
                }
                width={24}
              />
            </View>
          </View>
        </View>
        <View
          style={
            Object {
              "height": 10,
            }
          }
        />
        <View
          accessibilityRole="header"
          accessible={true}
          style={
            Array [
              Object {
                "alignItems": "stretch",
                "backgroundColor": "#FFFFFF",
                "flexBasis": 0,
                "flexDirection": "row",
                "flexGrow": 1,
                "flexShrink": 1,
                "height": 56,
                "paddingBottom": 0,
                "paddingLeft": 0,
                "paddingRight": 0,
                "paddingTop": 0,
                "position": "relative",
                "width": "100%",
              },
              Object {
                "elevation": 1,
                "shadowColor": "#000",
                "shadowOffset": Object {
                  "height": 2,
                  "width": 0,
                },
                "shadowOpacity": 0.24,
              },
            ]
          }
        >
          <View
            style={Object {}}
          >
            <View
              accessible={true}
              focusable={true}
              isTVSelectable={true}
              onClick={[Function]}
              onResponderGrant={[Function]}
              onResponderMove={[Function]}
              onResponderRelease={[Function]}
              onResponderTerminate={[Function]}
              onResponderTerminationRequest={[Function]}
              onStartShouldSetResponder={[Function]}
              style={
                Object {
                  "alignItems": "center",
                  "alignSelf": "center",
                  "flexBasis": 0,
                  "flexGrow": 1,
                  "flexShrink": 1,
                  "height": 56,
                  "justifyContent": "center",
                  "opacity": 1,
                  "paddingBottom": 16,
                  "paddingLeft": 16,
                  "paddingRight": 0,
                  "paddingTop": 16,
                  "width": 40,
                }
              }
            >
              <SvgMock
                height={24}
                style={
                  Object {
                    "fill": "#333333",
                  }
                }
                width={24}
              />
            </View>
          </View>
          <View
            style={
              Object {
                "alignItems": "flex-start",
                "bottom": 0,
                "justifyContent": "flex-start",
                "left": 40,
                "position": "absolute",
                "right": 0,
                "top": 0,
              }
            }
          >
            <Text
              accessibilityLabel="Title Text"
              style={
                Array [
                  Object {
                    "color": "#333333",
                    "fontSize": 20,
                    "marginLeft": 0,
                    "paddingBottom": 16,
                    "paddingLeft": 16,
                    "paddingTop": 16,
                  },
                ]
              }
            >
              Title Text
            </Text>
          </View>
          <View
            style={
              Object {
                "position": "absolute",
                "right": 0,
              }
            }
          >
            <View
              accessible={true}
              focusable={true}
              isTVSelectable={true}
              onClick={[Function]}
              onResponderGrant={[Function]}
              onResponderMove={[Function]}
              onResponderRelease={[Function]}
              onResponderTerminate={[Function]}
              onResponderTerminationRequest={[Function]}
              onStartShouldSetResponder={[Function]}
              style={
                Object {
                  "alignItems": "center",
                  "alignSelf": "center",
                  "flexBasis": 0,
                  "flexGrow": 1,
                  "flexShrink": 1,
                  "height": 56,
                  "justifyContent": "center",
                  "opacity": 1,
                  "paddingBottom": 16,
                  "paddingLeft": 0,
                  "paddingRight": 16,
                  "paddingTop": 16,
                  "width": 40,
                }
              }
            />
          </View>
        </View>
        <View
          style={
            Object {
              "height": 10,
            }
          }
        />
        <View
          accessibilityRole="header"
          accessible={true}
          style={
            Array [
              Object {
                "alignItems": "stretch",
                "backgroundColor": "#FFFFFF",
                "flexBasis": 0,
                "flexDirection": "row",
                "flexGrow": 1,
                "flexShrink": 1,
                "height": 56,
                "paddingBottom": 0,
                "paddingLeft": 0,
                "paddingRight": 0,
                "paddingTop": 0,
                "position": "relative",
                "width": "100%",
              },
              Object {
                "elevation": 1,
                "shadowColor": "#000",
                "shadowOffset": Object {
                  "height": 2,
                  "width": 0,
                },
                "shadowOpacity": 0.24,
              },
            ]
          }
        >
          <View
            style={Object {}}
          >
            <View
              accessible={true}
              focusable={true}
              isTVSelectable={true}
              onClick={[Function]}
              onResponderGrant={[Function]}
              onResponderMove={[Function]}
              onResponderRelease={[Function]}
              onResponderTerminate={[Function]}
              onResponderTerminationRequest={[Function]}
              onStartShouldSetResponder={[Function]}
              style={
                Object {
                  "alignItems": "center",
                  "alignSelf": "center",
                  "flexBasis": 0,
                  "flexGrow": 1,
                  "flexShrink": 1,
                  "height": 56,
                  "justifyContent": "center",
                  "opacity": 1,
                  "paddingBottom": 16,
                  "paddingLeft": 16,
                  "paddingRight": 0,
                  "paddingTop": 16,
                  "width": 40,
                }
              }
            />
          </View>
          <View
            style={
              Object {
                "alignItems": "flex-start",
                "bottom": 0,
                "justifyContent": "flex-start",
                "left": 40,
                "position": "absolute",
                "right": 0,
                "top": 0,
              }
            }
          >
            <Text
              accessibilityLabel="Title Text"
              style={
                Array [
                  Object {
                    "color": "#333333",
                    "fontSize": 20,
                    "marginLeft": 0,
                    "paddingBottom": 16,
                    "paddingLeft": 16,
                    "paddingTop": 16,
                  },
                ]
              }
            >
              Title Text
            </Text>
          </View>
          <View
            style={
              Object {
                "position": "absolute",
                "right": 0,
              }
            }
          >
            <View
              accessible={true}
              focusable={true}
              isTVSelectable={true}
              onClick={[Function]}
              onResponderGrant={[Function]}
              onResponderMove={[Function]}
              onResponderRelease={[Function]}
              onResponderTerminate={[Function]}
              onResponderTerminationRequest={[Function]}
              onStartShouldSetResponder={[Function]}
              style={
                Object {
                  "alignItems": "center",
                  "alignSelf": "center",
                  "flexBasis": 0,
                  "flexGrow": 1,
                  "flexShrink": 1,
                  "height": 56,
                  "justifyContent": "center",
                  "opacity": 1,
                  "paddingBottom": 16,
                  "paddingLeft": 0,
                  "paddingRight": 16,
                  "paddingTop": 16,
                  "width": 40,
                }
              }
            />
          </View>
        </View>
        <View
          style={
            Object {
              "height": 10,
            }
          }
        />
        <View
          accessibilityRole="header"
          accessible={true}
          style={
            Array [
              Object {
                "alignItems": "stretch",
                "backgroundColor": "#FFFFFF",
                "flexBasis": 0,
                "flexDirection": "row",
                "flexGrow": 1,
                "flexShrink": 1,
                "height": 56,
                "paddingBottom": 0,
                "paddingLeft": 0,
                "paddingRight": 0,
                "paddingTop": 0,
                "position": "relative",
                "width": "100%",
              },
              Object {
                "elevation": 1,
                "shadowColor": "#000",
                "shadowOffset": Object {
                  "height": 2,
                  "width": 0,
                },
                "shadowOpacity": 0.24,
              },
            ]
          }
        >
          <View
            style={Object {}}
          >
            <View
              accessible={true}
              focusable={true}
              isTVSelectable={true}
              onClick={[Function]}
              onResponderGrant={[Function]}
              onResponderMove={[Function]}
              onResponderRelease={[Function]}
              onResponderTerminate={[Function]}
              onResponderTerminationRequest={[Function]}
              onStartShouldSetResponder={[Function]}
              style={
                Object {
                  "alignItems": "center",
                  "alignSelf": "center",
                  "flexBasis": 0,
                  "flexGrow": 1,
                  "flexShrink": 1,
                  "height": 56,
                  "justifyContent": "center",
                  "opacity": 1,
                  "paddingBottom": 16,
                  "paddingLeft": 16,
                  "paddingRight": 0,
                  "paddingTop": 16,
                  "width": 40,
                }
              }
            >
              <SvgMock
                height={24}
                style={
                  Object {
                    "fill": "#333333",
                  }
                }
                width={24}
              />
            </View>
          </View>
          <View
            style={
              Object {
                "alignItems": "flex-start",
                "bottom": 0,
                "justifyContent": "flex-start",
                "left": 40,
                "position": "absolute",
                "right": 0,
                "top": 0,
              }
            }
          >
            <SvgMock
              width={200}
            />
          </View>
          <View
            style={
              Object {
                "position": "absolute",
                "right": 0,
              }
            }
          >
            <View
              accessible={true}
              focusable={true}
              isTVSelectable={true}
              onClick={[Function]}
              onResponderGrant={[Function]}
              onResponderMove={[Function]}
              onResponderRelease={[Function]}
              onResponderTerminate={[Function]}
              onResponderTerminationRequest={[Function]}
              onStartShouldSetResponder={[Function]}
              style={
                Object {
                  "alignItems": "center",
                  "alignSelf": "center",
                  "flexBasis": 0,
                  "flexGrow": 1,
                  "flexShrink": 1,
                  "height": 56,
                  "justifyContent": "center",
                  "opacity": 1,
                  "paddingBottom": 16,
                  "paddingLeft": 0,
                  "paddingRight": 16,
                  "paddingTop": 16,
                  "width": 40,
                }
              }
            >
              <SvgMock
                height={24}
                style={
                  Object {
                    "fill": "#333333",
                  }
                }
                width={24}
              />
            </View>
          </View>
        </View>
        <View
          style={
            Object {
              "height": 10,
            }
          }
        />
        <View
          accessibilityRole="header"
          accessible={true}
          style={
            Array [
              Object {
                "alignItems": "stretch",
                "backgroundColor": "#FFFFFF",
                "flexBasis": 0,
                "flexDirection": "row",
                "flexGrow": 1,
                "flexShrink": 1,
                "height": 56,
                "paddingBottom": 0,
                "paddingLeft": 0,
                "paddingRight": 0,
                "paddingTop": 0,
                "position": "relative",
                "width": "100%",
              },
              Object {
                "elevation": 1,
                "shadowColor": "#000",
                "shadowOffset": Object {
                  "height": 2,
                  "width": 0,
                },
                "shadowOpacity": 0.24,
              },
            ]
          }
        >
          <View
            style={Object {}}
          >
            <View
              accessible={true}
              focusable={true}
              isTVSelectable={true}
              onClick={[Function]}
              onResponderGrant={[Function]}
              onResponderMove={[Function]}
              onResponderRelease={[Function]}
              onResponderTerminate={[Function]}
              onResponderTerminationRequest={[Function]}
              onStartShouldSetResponder={[Function]}
              style={
                Object {
                  "alignItems": "center",
                  "alignSelf": "center",
                  "flexBasis": 0,
                  "flexGrow": 1,
                  "flexShrink": 1,
                  "height": 56,
                  "justifyContent": "center",
                  "opacity": 1,
                  "paddingBottom": 16,
                  "paddingLeft": 16,
                  "paddingRight": 0,
                  "paddingTop": 16,
                  "width": 40,
                }
              }
            >
              <SvgMock
                height={24}
                style={
                  Object {
                    "fill": "#333333",
                  }
                }
                width={24}
              />
            </View>
          </View>
          <View
            style={
              Object {
                "alignItems": "flex-start",
                "bottom": 0,
                "justifyContent": "flex-start",
                "left": 40,
                "position": "absolute",
                "right": 0,
                "top": 0,
              }
            }
          >
            <SvgMock
              width={200}
            />
          </View>
          <View
            style={
              Object {
                "position": "absolute",
                "right": 0,
              }
            }
          >
            <View
              accessible={true}
              focusable={true}
              isTVSelectable={true}
              onClick={[Function]}
              onResponderGrant={[Function]}
              onResponderMove={[Function]}
              onResponderRelease={[Function]}
              onResponderTerminate={[Function]}
              onResponderTerminationRequest={[Function]}
              onStartShouldSetResponder={[Function]}
              style={
                Object {
                  "alignItems": "center",
                  "alignSelf": "center",
                  "flexBasis": 0,
                  "flexGrow": 1,
                  "flexShrink": 1,
                  "height": 56,
                  "justifyContent": "center",
                  "opacity": 1,
                  "paddingBottom": 16,
                  "paddingLeft": 0,
                  "paddingRight": 16,
                  "paddingTop": 16,
                  "width": 40,
                }
              }
            />
          </View>
        </View>
        <View
          style={
            Object {
              "height": 10,
            }
          }
        />
        <View
          accessibilityRole="header"
          accessible={true}
          style={
            Array [
              Object {
                "alignItems": "stretch",
                "backgroundColor": "#FFFFFF",
                "flexBasis": 0,
                "flexDirection": "row",
                "flexGrow": 1,
                "flexShrink": 1,
                "height": 56,
                "paddingBottom": 0,
                "paddingLeft": 0,
                "paddingRight": 0,
                "paddingTop": 0,
                "position": "relative",
                "width": "100%",
              },
              Object {
                "elevation": 1,
                "shadowColor": "#000",
                "shadowOffset": Object {
                  "height": 2,
                  "width": 0,
                },
                "shadowOpacity": 0.24,
              },
            ]
          }
        >
          <View
            style={Object {}}
          >
            <View
              accessible={true}
              focusable={true}
              isTVSelectable={true}
              onClick={[Function]}
              onResponderGrant={[Function]}
              onResponderMove={[Function]}
              onResponderRelease={[Function]}
              onResponderTerminate={[Function]}
              onResponderTerminationRequest={[Function]}
              onStartShouldSetResponder={[Function]}
              style={
                Object {
                  "alignItems": "center",
                  "alignSelf": "center",
                  "flexBasis": 0,
                  "flexGrow": 1,
                  "flexShrink": 1,
                  "height": 56,
                  "justifyContent": "center",
                  "opacity": 1,
                  "paddingBottom": 16,
                  "paddingLeft": 16,
                  "paddingRight": 0,
                  "paddingTop": 16,
                  "width": 40,
                }
              }
            />
          </View>
          <View
            style={
              Object {
                "alignItems": "flex-start",
                "bottom": 0,
                "justifyContent": "flex-start",
                "left": 40,
                "position": "absolute",
                "right": 0,
                "top": 0,
              }
            }
          >
            <SvgMock
              width={200}
            />
          </View>
          <View
            style={
              Object {
                "position": "absolute",
                "right": 0,
              }
            }
          >
            <View
              accessible={true}
              focusable={true}
              isTVSelectable={true}
              onClick={[Function]}
              onResponderGrant={[Function]}
              onResponderMove={[Function]}
              onResponderRelease={[Function]}
              onResponderTerminate={[Function]}
              onResponderTerminationRequest={[Function]}
              onStartShouldSetResponder={[Function]}
              style={
                Object {
                  "alignItems": "center",
                  "alignSelf": "center",
                  "flexBasis": 0,
                  "flexGrow": 1,
                  "flexShrink": 1,
                  "height": 56,
                  "justifyContent": "center",
                  "opacity": 1,
                  "paddingBottom": 16,
                  "paddingLeft": 0,
                  "paddingRight": 16,
                  "paddingTop": 16,
                  "width": 40,
                }
              }
            />
          </View>
        </View>
        <View
          style={
            Object {
              "height": 10,
            }
          }
        />
        <View
          accessibilityRole="header"
          accessible={true}
          style={
            Array [
              Object {
                "alignItems": "stretch",
                "backgroundColor": "#FFFFFF",
                "flexBasis": 0,
                "flexDirection": "row",
                "flexGrow": 1,
                "flexShrink": 1,
                "height": 56,
                "paddingBottom": 0,
                "paddingLeft": 0,
                "paddingRight": 0,
                "paddingTop": 0,
                "position": "relative",
                "width": "100%",
              },
              Object {
                "elevation": 1,
                "shadowColor": "#000",
                "shadowOffset": Object {
                  "height": 2,
                  "width": 0,
                },
                "shadowOpacity": 0.24,
              },
            ]
          }
        >
          <View
            style={
              Object {
                "alignItems": "flex-start",
                "bottom": 0,
                "justifyContent": "flex-start",
                "left": 0,
                "position": "absolute",
                "right": 0,
                "top": 0,
              }
            }
          >
            <Text
              accessibilityLabel="Exclusive"
              style={
                Array [
                  Object {
                    "color": "#333333",
                    "fontSize": 20,
                    "marginLeft": 0,
                    "paddingBottom": 16,
                    "paddingLeft": 16,
                    "paddingTop": 16,
                  },
                ]
              }
            >
              Exclusive
            </Text>
          </View>
          <View
            style={
              Object {
                "position": "absolute",
                "right": 0,
              }
            }
          >
            <View
              accessible={true}
              focusable={true}
              isTVSelectable={true}
              onClick={[Function]}
              onResponderGrant={[Function]}
              onResponderMove={[Function]}
              onResponderRelease={[Function]}
              onResponderTerminate={[Function]}
              onResponderTerminationRequest={[Function]}
              onStartShouldSetResponder={[Function]}
              style={
                Object {
                  "alignItems": "center",
                  "alignSelf": "center",
                  "flexBasis": 0,
                  "flexGrow": 1,
                  "flexShrink": 1,
                  "height": 56,
                  "justifyContent": "center",
                  "opacity": 1,
                  "paddingBottom": 16,
                  "paddingLeft": 0,
                  "paddingRight": 16,
                  "paddingTop": 16,
                  "width": 40,
                }
              }
            >
              <SvgMock
                height={24}
                style={
                  Object {
                    "fill": "#333333",
                  }
                }
                width={24}
              />
            </View>
          </View>
        </View>
        <View
          style={
            Object {
              "height": 10,
            }
          }
        />
        <View
          accessibilityRole="header"
          accessible={true}
          style={
            Array [
              Object {
                "alignItems": "stretch",
                "backgroundColor": "#FFFFFF",
                "flexBasis": 0,
                "flexDirection": "row",
                "flexGrow": 1,
                "flexShrink": 1,
                "height": 56,
                "paddingBottom": 0,
                "paddingLeft": 0,
                "paddingRight": 0,
                "paddingTop": 0,
                "position": "relative",
                "width": "100%",
              },
              Object {
                "elevation": 1,
                "shadowColor": "#000",
                "shadowOffset": Object {
                  "height": 2,
                  "width": 0,
                },
                "shadowOpacity": 0.24,
              },
            ]
          }
        >
          <View
            style={Object {}}
          >
            <View
              accessible={true}
              focusable={true}
              isTVSelectable={true}
              onClick={[Function]}
              onResponderGrant={[Function]}
              onResponderMove={[Function]}
              onResponderRelease={[Function]}
              onResponderTerminate={[Function]}
              onResponderTerminationRequest={[Function]}
              onStartShouldSetResponder={[Function]}
              style={
                Object {
                  "alignItems": "center",
                  "alignSelf": "center",
                  "flexBasis": 0,
                  "flexGrow": 1,
                  "flexShrink": 1,
                  "height": 56,
                  "justifyContent": "center",
                  "opacity": 1,
                  "paddingBottom": 16,
                  "paddingLeft": 16,
                  "paddingRight": 0,
                  "paddingTop": 16,
                  "width": 40,
                }
              }
            >
              <SvgMock
                height={24}
                style={
                  Object {
                    "fill": "#333333",
                  }
                }
                width={24}
              />
            </View>
          </View>
          <View
            style={
              Object {
                "alignItems": "flex-start",
                "bottom": 0,
                "justifyContent": "flex-start",
                "left": 40,
                "position": "absolute",
                "right": 0,
                "top": 0,
              }
            }
          >
            <Text
              accessibilityLabel="Exclusive"
              style={
                Array [
                  Object {
                    "color": "#333333",
                    "fontSize": 20,
                    "marginLeft": 0,
                    "paddingBottom": 16,
                    "paddingLeft": 16,
                    "paddingTop": 16,
                  },
                ]
              }
            >
              Exclusive
            </Text>
          </View>
        </View>
        <View
          style={
            Object {
              "height": 10,
            }
          }
        />
        <View
          accessibilityRole="header"
          accessible={true}
          style={
            Array [
              Object {
                "alignItems": "stretch",
                "backgroundColor": "#FFFFFF",
                "flexBasis": 0,
                "flexDirection": "row",
                "flexGrow": 1,
                "flexShrink": 1,
                "height": 56,
                "paddingBottom": 0,
                "paddingLeft": 0,
                "paddingRight": 0,
                "paddingTop": 0,
                "position": "relative",
                "width": "100%",
              },
              Object {
                "elevation": 1,
                "shadowColor": "#000",
                "shadowOffset": Object {
                  "height": 2,
                  "width": 0,
                },
                "shadowOpacity": 0.24,
              },
            ]
          }
        >
          <View
            style={
              Object {
                "alignItems": "flex-start",
                "bottom": 0,
                "justifyContent": "flex-start",
                "left": 0,
                "position": "absolute",
                "right": 0,
                "top": 0,
              }
            }
          >
            <Text
              accessibilityLabel="Exclusive"
              style={
                Array [
                  Object {
                    "color": "#333333",
                    "fontSize": 20,
                    "marginLeft": 0,
                    "paddingBottom": 16,
                    "paddingLeft": 16,
                    "paddingTop": 16,
                  },
                ]
              }
            >
              Exclusive
            </Text>
          </View>
        </View>
      </View>
    </RCTScrollView>
  </View>
</RCTSafeAreaView>
`;
