// Jest Snapshot v1, https://goo.gl/fbAQLP

exports[`NatPeriodButton Should render the component correctly 1`] = `
<View
  accessible={true}
  focusable={true}
  isTVSelectable={true}
  onClick={[Function]}
  onResponderGrant={[Function]}
  onResponderMove={[Function]}
  onResponderRelease={[Function]}
  onResponderTerminate={[Function]}
  onResponderTerminationRequest={[Function]}
  onStartShouldSetResponder={[Function]}
  style={
    Object {
      "borderRadius": 6,
      "opacity": 1,
    }
  }
>
  <View
    selected={false}
    style={
      Array [
        Object {
          "alignItems": "center",
          "backgroundColor": "#FFFFFF",
          "borderColor": "#F4AB34",
          "borderRadius": 6,
          "borderStyle": "solid",
          "borderWidth": 2,
          "height": 64,
          "justifyContent": "center",
          "marginHorizontal": 5,
          "paddingBottom": 5,
          "paddingLeft": 5,
          "paddingRight": 5,
          "paddingTop": 5,
          "width": "30%",
        },
      ]
    }
  />
</View>
`;
